// Jest Snapshot v1, https://goo.gl/fbAQLP

exports[`Photo component should match snapshot 1`] = `
Object {
  "asFragment": [Function],
  "baseElement": <body>
    <div>
      <div
        data-testid="loader"
        style="display: flex; align-items: center; justify-content: center; height: 100vh;"
      >
        <div
          class="ant-space css-dev-only-do-not-override-15rg2km ant-space-horizontal ant-space-align-center"
        >
          <div
            class="ant-space-item"
          >
            <div
              aria-busy="true"
              aria-live="polite"
              class="ant-spin ant-spin-lg ant-spin-spinning css-dev-only-do-not-override-15rg2km"
            >
              <span
                class="ant-spin-dot ant-spin-dot-spin"
              >
                <i
                  class="ant-spin-dot-item"
                />
                <i
                  class="ant-spin-dot-item"
                />
                <i
                  class="ant-spin-dot-item"
                />
                <i
                  class="ant-spin-dot-item"
                />
              </span>
            </div>
          </div>
        </div>
      </div>
    </div>
  </body>,
  "container": <div>
    <div
      data-testid="loader"
      style="display: flex; align-items: center; justify-content: center; height: 100vh;"
    >
      <div
        class="ant-space css-dev-only-do-not-override-15rg2km ant-space-horizontal ant-space-align-center"
      >
        <div
          class="ant-space-item"
        >
          <div
            aria-busy="true"
            aria-live="polite"
            class="ant-spin ant-spin-lg ant-spin-spinning css-dev-only-do-not-override-15rg2km"
          >
            <span
              class="ant-spin-dot ant-spin-dot-spin"
            >
              <i
                class="ant-spin-dot-item"
              />
              <i
                class="ant-spin-dot-item"
              />
              <i
                class="ant-spin-dot-item"
              />
              <i
                class="ant-spin-dot-item"
              />
            </span>
          </div>
        </div>
      </div>
    </div>
  </div>,
  "debug": [Function],
  "findAllByAltText": [Function],
  "findAllByDisplayValue": [Function],
  "findAllByLabelText": [Function],
  "findAllByPlaceholderText": [Function],
  "findAllByRole": [Function],
  "findAllByTestId": [Function],
  "findAllByText": [Function],
  "findAllByTitle": [Function],
  "findByAltText": [Function],
  "findByDisplayValue": [Function],
  "findByLabelText": [Function],
  "findByPlaceholderText": [Function],
  "findByRole": [Function],
  "findByTestId": [Function],
  "findByText": [Function],
  "findByTitle": [Function],
  "getAllByAltText": [Function],
  "getAllByDisplayValue": [Function],
  "getAllByLabelText": [Function],
  "getAllByPlaceholderText": [Function],
  "getAllByRole": [Function],
  "getAllByTestId": [Function],
  "getAllByText": [Function],
  "getAllByTitle": [Function],
  "getByAltText": [Function],
  "getByDisplayValue": [Function],
  "getByLabelText": [Function],
  "getByPlaceholderText": [Function],
  "getByRole": [Function],
  "getByTestId": [Function],
  "getByText": [Function],
  "getByTitle": [Function],
  "queryAllByAltText": [Function],
  "queryAllByDisplayValue": [Function],
  "queryAllByLabelText": [Function],
  "queryAllByPlaceholderText": [Function],
  "queryAllByRole": [Function],
  "queryAllByTestId": [Function],
  "queryAllByText": [Function],
  "queryAllByTitle": [Function],
  "queryByAltText": [Function],
  "queryByDisplayValue": [Function],
  "queryByLabelText": [Function],
  "queryByPlaceholderText": [Function],
  "queryByRole": [Function],
  "queryByTestId": [Function],
  "queryByText": [Function],
  "queryByTitle": [Function],
  "rerender": [Function],
  "store": Object {
    "@@observable": [Function],
    "dispatch": [Function],
    "getState": [Function],
    "replaceReducer": [Function],
    "subscribe": [Function],
  },
  "unmount": [Function],
}
`;
